../Core/Src/main.c:74:6:HandleDebounce	8	static
../Core/Src/main.c:82:6:HAL_GPIO_EXTI_Callback	24	static
../Core/Src/main.c:115:6:HAL_TIM_PeriodElapsedCallback	16	static
../Core/Src/main.c:123:6:Sys_DelayUs	16	static
../Core/Src/main.c:129:6:Init_Peripherials	8	static
../Core/Src/main.c:138:6:Start_Peripherials	8	static
../Core/Src/main.c:158:5:main	8	static
../Core/Src/main.c:209:6:SystemClock_Config	88	static
../Core/Src/main.c:257:13:MX_TIM2_Init	64	static
../Core/Src/main.c:316:13:MX_TIM4_Init	32	static
../Core/Src/main.c:361:13:MX_USART2_UART_Init	8	static
../Core/Src/main.c:394:13:MX_GPIO_Init	48	static
../Core/Src/main.c:495:6:Error_Handler	4	static,ignoring_inline_asm
